[store.dandelionchocolate.com/pages/home.html]
[cdn.shopify.com/s/files/1/2434/0841/t/11/assets/dandelion-experiment7200.js]
[cdn.shopify.com/s/files/1/2434/0841/files/baricon_32x32993f.png]
[backblue.gif]
[fade.gif]
[index.html]
[cdn.shopify.com/shopifycloud/storefront-recaptcha-v3/v0.6/index.js]
[cdn.shopify.com/shopifycloud/shopify/assets/storefront/load_feature-ab38017af3cf759db0af0bbd1e75229f6a189f5bf1f2db42169630998b969021.js]
[cdn.shopify.com/shopifycloud/shopify/assets/shopify_pay/storefront-c31d2fa4962d2ef90b673e945ee33f4f87302b97d0882cd8e83a629b84b30dabb805.js]
[cdn.shopify.com/shopifycloud/shopify/assets/storefront/features-87e8399988880142f2c62771b9d8f2ff6c290b3ff745dd426eb0dfe0db9d1dae.js]
[cdn.shopify.com/s/files/1/2434/0841/files/bg_eccc7172-ff08-49a9-97ba-915090aa6616_500x5000cba.png]
[cdn.shopify.com/s/files/1/2434/0841/t/11/assets/theme.scss758d.css]
[cdn.shopify.com/s/files/1/2434/0841/t/11/assets/libs935d.css]
[cdn.shopify.com/s/files/1/2434/0841/t/11/assets/lazysizes.latest.min87ca.js]
[cdn.shopify.com/s/files/1/2434/0841/t/11/assets/dandelionca37.js]
[d10lpsik1i8c69.cloudfront.net/w.js]
[master-shopify-tracker.s3.amazonaws.com/colibrius-s.js]
[cdn.speedcurve.com/js/lux127b.js]
[store.dandelionchocolate.com/pages/POST.1a.delayed]
[cdn.shopify.com/s/trekkie.storefront.959f71dbd7e992c48a2a5941c6de2c0cf3fc27c6.min.js]
[cdn.shopify.com/shopifycloud/shopify/assets/shop_events_listener-65cd0ba3fcd81a1df33f2510ec5bcf8c0e0958653b50e3965ec972dd638ee13f.js]
[cdn.shopify.com/shopifycloud/boomerang/shopify-boomerang-1.0.0.min.js]
[cdn.shopify.com/shopifycloud/web-pixels-manager/0.0.164/iife/browser.js]
[store.dandelionchocolate.com/pages/experiences.html]
[store.dandelionchocolate.com/pages/visit-us.html]
[store.dandelionchocolate.com/pages/origins.html]
[store.dandelionchocolate.com/pages/corporate-gifts.html]
[store.dandelionchocolate.com/pages/aboutus.html]
[store.dandelionchocolate.com/pages/faq.html]
[store.dandelionchocolate.com/pages/contact.html]
[cdn.getshogun.com/css-4/633e36ac957f0000d46f5afa.css]
[lib.getshogun.com/lazysizes/2.0.0/shogun-lazysizes.js]
[cdn.shopify.com/s/files/1/2434/0841/files/Gifts.jpg]
[cdn.shopify.com/s/files/1/2434/0841/files/Chocolate-Bars.jpg]
[cdn.shopify.com/s/files/1/2434/0841/files/Hot-Chocolate.jpg]
[cdn.shopify.com/s/files/1/2434/0841/files/Curated-Gift-Sets.jpg]
[cdn.shopify.com/s/files/1/2434/0841/files/Treats.jpg]
[cdn.shopify.com/s/files/1/2434/0841/files/Vector_2.png]
[cdn.shopify.com/s/files/1/2434/0841/files/minus.png]
[store.dandelionchocolate.com/pages/factory-tours.html]
[store.dandelionchocolate.com/pages/nibby-scones.html]
[cdn.shopify.com/s/files/1/2434/0841/files/hawaii-origin-trip.jpg]
[cdn.shopify.com/s/files/1/2434/0841/files/snooky.jpg]
[cdn.shopify.com/s/files/1/2434/0841/files/Blog-1.jpg]
[cdn.shopify.com/s/files/1/2434/0841/files/Blog-2.jpg]
[cdn.shopify.com/s/files/1/2434/0841/files/Blog-3.jpg]
[cdn.shopify.com/s/files/1/2434/0841/files/Blog-4.jpg]
[cdn.shopify.com/s/files/1/2434/0841/files/Blog-5.jpg]
[cdn.shopify.com/s/files/1/2434/0841/files/Image_6.jpg]
[cdn.getshogun.com/5/global-assets-8c99783b955d3ea3435b3f525f5dcb1610d72b73.js]
[store.dandelionchocolate.com/pages/locations.html]
[store.dandelionchocolate.com/pages/about.html]
[store.dandelionchocolate.com/pages/jobs.html]
[store.dandelionchocolate.com/pages/home.html]
[cdn.shopify.com/s/files/1/2434/0841/t/11/assets/theme.scss758d.css]
[cdn.shopify.com/s/files/1/2434/0841/t/11/assets/libs935d.css]
[www.googletagmanager.com/gtm5445.html]
[store.dandelionchocolate.com/pages/POST.html]
[config.gorgias.chat/gorgias-chat-bundle-loader4f28.js]
[cdn.getshogun.com/css-4/63581bce8d575a00da0a1870.css]
[cdn.shopify.com/s/files/1/2434/0841/files/1_Hr_Duration.png]
[cdn.shopify.com/s/files/1/2434/0841/files/Kid-Friendly.png]
[cdn.shopify.com/s/files/1/2434/0841/files/Beginner.png]
[cdn.shopify.com/s/files/1/2434/0841/files/Educational.png]
[cdn.shopify.com/s/files/1/2434/0841/files/Team_building.png]
[cdn.shopify.com/s/files/1/2434/0841/files/Demonstration.png]
[cdn.shopify.com/s/files/1/2434/0841/files/Whisk.png]
[store.dandelionchocolate.com/pages/private-events-activities.html]
[cdn.shopify.com/s/files/1/2434/0841/files/Two-Week_Notice.png]
[cdn.shopify.com/s/files/1/2434/0841/files/Off-Site.png]
[store.dandelionchocolate.com/pages/private-events-off-site.html]
[store.dandelionchocolate.com/pages/experiences.html]
[cdn.getshogun.com/5/global-assets-0f11c03201a3a3593539106376c65bcaa2db2586.js]
[cdn.getshogun.com/css-4/6351a8e3f2fa9d00f7a4d330.css]
[store.dandelionchocolate.com/pages/16th-street-menu.html]
[store.dandelionchocolate.com/pages/valencia-menu.html]
[store.dandelionchocolate.com/pages/ferry-building-menu.html]
[store.dandelionchocolate.com/pages/venetian-menu.html]
[store.dandelionchocolate.com/pages/visit-us.html]
[cdn.getshogun.com/5/global-assets-46d38ccab4830ff2c9fdb811496cc67901088cd0.js]
[cdn.getshogun.com/css-4/62759a5d77ce7a00c753647a.css]
[store.dandelionchocolate.com/pages/origins.html]
[cdn.getshogun.com/5/62759a5d77ce7a00c753647a.js]
[cdn.getshogun.com/css-4/633f3a3b957f0000f77be26c.css]
[store.dandelionchocolate.com/pages/corporate-gifting-inquiry-form.html]
[store.dandelionchocolate.com/pages/corporate-gifts.html]
[store.dandelionchocolate.com/pages/corporate-events.html]
[cdn.getshogun.com/css-4/628bcdc5148fca00ff6ef4b5.css]
[store.dandelionchocolate.com/pages/aboutus.html]
[cdn.getshogun.com/5/628bcdc5148fca00ff6ef4b5.js]
[store.dandelionchocolate.com/pages/faq.html]
[cdn.getshogun.com/5/global-assets-eb7a29be697ff5bb2bffa4ff3373c377412438c2.js]
[cdn.getshogun.com/css-4/633606b15a6bf200dc31f46a.css]
[cdn.getshogun.com/css-4/633f3fcb6da59500df3abfcc.css]
[store.dandelionchocolate.com/pages/menu-16th-street]
[store.dandelionchocolate.com/pages/menu-valencia]
[store.dandelionchocolate.com/pages/menu-ferry-building]
[store.dandelionchocolate.com/pages/menu-venetian]
[store.dandelionchocolate.com/pages/contact.html]
[cdn.getshogun.com/css-4/633e36ac957f0000d46f5afa.css]
[cdn.getshogun.com/css-4/63366f379327f100cbad1037.css]
[store.dandelionchocolate.com/pages/events@dandelionchocolate.com]
[store.dandelionchocolate.com/pages/factory-tours.html]
[cdn.getshogun.com/css-4/61b7bb29f3085f0004baa403.css]
[store.dandelionchocolate.com/pages/red-velvet-beet-cake.html]
[store.dandelionchocolate.com/pages/gingerbread-hot-chocolate.html]
[store.dandelionchocolate.com/pages/chocolate-fondue.html]
[store.dandelionchocolate.com/pages/chocolate-custard-pie.html]
[store.dandelionchocolate.com/pages/european-drinking-chocolate.html]
[store.dandelionchocolate.com/pages/best-chocolate-chip-cookies.html]
[store.dandelionchocolate.com/pages/gingerbread-cake.html]
[store.dandelionchocolate.com/pages/just-chocolate-cake.html]
[store.dandelionchocolate.com/pages/sourdough-chocolate-chip-banana-bread-muffins.html]
[store.dandelionchocolate.com/pages/hot-fudge-sauce.html]
[store.dandelionchocolate.com/pages/nibby-snowballs.html]
[store.dandelionchocolate.com/pages/nibby-oatmeal-cookies.html]
[store.dandelionchocolate.com/pages/chocolate-brownies.html]
[store.dandelionchocolate.com/pages/nib-cider.html]
[store.dandelionchocolate.com/pages/nibby-scones.html]
[cdn.getshogun.com/5/61b7bb29f3085f0004baa403.js]
[cdn.getshogun.com/5c6b5848e187590073892591-2.css]
[store.dandelionchocolate.com/pages/locations.html]
[store.dandelionchocolate.com/pages/about.html]
[cdn.getshogun.com/5c6b5848e187590073892591.js]
[store.dandelionchocolate.com/pages/jobs.html]
[cdn.getshogun.com/css-4/63581bce8d575a00da0a1870.css]
[cdn.getshogun.com/5/global-assets-7dc2ed4fa2fb79d82ca1a9272d54568c2dd22afa.js]
[cdn.getshogun.com/css-4/62dc845df1bf0c00df2e9744.css]
[cdn.getshogun.com/css-4/634ef5cb18a80e00c77d9481.css]
[cdn.shopify.com/s/files/1/2434/0841/files/3_Hours2606.png]
[cdn.shopify.com/s/files/1/2434/0841/files/All_Levels2606.png]
[cdn.shopify.com/s/files/1/2434/0841/files/1_Hour.png]
[cdn.shopify.com/s/files/1/2434/0841/files/All_Levels.png]
[cdn.shopify.com/s/files/1/2434/0841/files/Events.png]
[cdn.shopify.com/s/files/1/2434/0841/files/Pastries.png]
[store.dandelionchocolate.com/pages/private-events-activities.html]
[store.dandelionchocolate.com/pages/private-events-off-site.html]
[cdn.getshogun.com/css-4/6351a8e3f2fa9d00f7a4d330.css]
[cdn.getshogun.com/css-4/63487bd7cd001d00cb4267ef.css]
[cdn.getshogun.com/5/global-assets-b47d5c35d64c67b835b5d7d365532658f34451d2.js]
[store.dandelionchocolate.com/pages/private-events-off-site/index.html]
[store.dandelionchocolate.com/pages/16th-street-menu.html]
[cdn.getshogun.com/css-4/6344903953bd0b00c7156824.css]
[store.dandelionchocolate.com/pages/valencia-menu.html]
[cdn.getshogun.com/css-4/6344908f2d946c00d329b541.css]
[store.dandelionchocolate.com/pages/ferry-building-menu.html]
[cdn.getshogun.com/css-4/634490bba97a8e00ce8f73af.css]
[store.dandelionchocolate.com/pages/venetian-menu.html]
[cdn.getshogun.com/css-4/62759a5d77ce7a00c753647a.css]
[cdn.getshogun.com/css-4/633f3a3b957f0000f77be26c.css]
[cdn.getshogun.com/css-4/6344911a2d946c00fa292715.css]
[cdn.getshogun.com/5fa076b7d8954500912c1a33.css]
[store.dandelionchocolate.com/pages/corporate-gifting-inquiry-form.html]
[cdn.getshogun.com/5fa076b7d8954500912c1a33.js]
[cdn.getshogun.com/css-4/632a0b49a33999011b4fe34f.css]
[store.dandelionchocolate.com/pages/corporate-events-inquiry-form.html]
[store.dandelionchocolate.com/pages/corporate-events.html]
[cdn.getshogun.com/css-4/628bcdc5148fca00ff6ef4b5.css]
[cdn.getshogun.com/css-4/633606b15a6bf200dc31f46a.css]
[cdn.getshogun.com/css-4/633f3fcb6da59500df3abfcc.css]
[store.dandelionchocolate.com/pages/menu-16th-street.html]
[store.dandelionchocolate.com/pages/menu-valencia.html]
[store.dandelionchocolate.com/pages/menu-ferry-building.html]
[store.dandelionchocolate.com/pages/menu-venetian.html]
[cdn.getshogun.com/css-4/63366f379327f100cbad1037.css]
[store.dandelionchocolate.com/pages/events@dandelionchocolate.com]
[cdn.getshogun.com/5/global-assets-32e6dc0ce0c14084af17cf9924712c8f6baa7f63.js]
[i.shgcdn.com/afefbe6e-51e0-427e-8e8b-dd7dc110253d/-/format/auto/-/preview/25x25/-/quality/lighter/.jpg]
[cdn.getshogun.com/css-4/61b7bb29f3085f0004baa403.css]
[cdn.getshogun.com/css-4/61b7baebe41dda0004a5a24b.css]
[store.dandelionchocolate.com/pages/red-velvet-beet-cake.html]
[cdn.getshogun.com/5/61b7baebe41dda0004a5a24b.js]
[cdn.getshogun.com/css-4/61b7bb3de41dda0004a5ba71.css]
[store.dandelionchocolate.com/pages/gingerbread-hot-chocolate.html]
[cdn.getshogun.com/5/61b7bb3de41dda0004a5ba71.js]
[cdn.getshogun.com/css-4/61b7baece41dda0004a5a30b.css]
[store.dandelionchocolate.com/pages/chocolate-fondue.html]
[cdn.getshogun.com/5/61b7baece41dda0004a5a30b.js]
[cdn.getshogun.com/css-4/61b7bb35f3085f0004baae7d.css]
[store.dandelionchocolate.com/pages/chocolate-custard-pie.html]
[cdn.getshogun.com/5/61b7bb35f3085f0004baae7d.js]
[store.dandelionchocolate.com/pages/european-drinking-chocolate.html]
[cdn.getshogun.com/css-4/61b7bb31f3085f0004baaa24.css]
[cdn.getshogun.com/5/61b7bb31f3085f0004baaa24.js]
[cdn.getshogun.com/5/global-assets-fc3f95cf0ccd1ee12504a367832483b7e4582dcd.js]
[cdn.getshogun.com/css-4/6309143b923a21000408981c.css]
[store.dandelionchocolate.com/pages/best-chocolate-chip-cookies.html]
[cdn.getshogun.com/5/custom_elements_asset_6309143b923a21000408981c.js]
[cdn.getshogun.com/css-4/61b7bb2cf3085f0004baaa0d.css]
[store.dandelionchocolate.com/pages/gingerbread-cake.html]
[cdn.getshogun.com/5/61b7bb2cf3085f0004baaa0d.js]
[cdn.getshogun.com/css-4/61b7bb42e41dda0004a5c18f.css]
[store.dandelionchocolate.com/pages/just-chocolate-cake.html]
[cdn.getshogun.com/5/61b7bb42e41dda0004a5c18f.js]
[cdn.getshogun.com/css-4/61b7bb22e41dda0004a5b026.css]
[store.dandelionchocolate.com/pages/sourdough-chocolate-chip-banana-bread-muffins.html]
[cdn.getshogun.com/5/61b7bb22e41dda0004a5b026.js]
[cdn.getshogun.com/css-4/6238d81123b58d0004714184.css]
[store.dandelionchocolate.com/pages/hot-fudge-sauce.html]
[cdn.getshogun.com/5/6238d81123b58d0004714184.js]
[cdn.getshogun.com/css-4/61b7baece41dda0004a5a309.css]
[store.dandelionchocolate.com/pages/nibby-snowballs.html]
[cdn.getshogun.com/5/61b7baece41dda0004a5a309.js]
[cdn.getshogun.com/css-4/61b7bb40e41dda0004a5bd34.css]
[store.dandelionchocolate.com/pages/nibby-oatmeal-cookies.html]
[cdn.getshogun.com/5/61b7bb40e41dda0004a5bd34.js]
[cdn.getshogun.com/css-4/61b7bb21e41dda0004a5b024.css]
[store.dandelionchocolate.com/pages/chocolate-brownies.html]
[cdn.getshogun.com/5/61b7bb21e41dda0004a5b024.js]
[cdn.getshogun.com/css-4/630914491f896c0004a40238.css]
[store.dandelionchocolate.com/pages/nib-cider.html]
[cdn.getshogun.com/5c6b5848e187590073892591-2.css]
[cdn.getshogun.com/css-4/62dc845df1bf0c00df2e9744.css]
[cdn.getshogun.com/css-4/634ef5cb18a80e00c77d9481.css]
[cdn.getshogun.com/css-4/63487bd7cd001d00cb4267ef.css]
[cdn.getshogun.com/5/custom_elements_asset_630914491f896c0004a40238.js]
[store.dandelionchocolate.com/pages/private-events-off-site/index.html]
[cdn.getshogun.com/css-4/6344903953bd0b00c7156824.css]
[cdn.getshogun.com/css-4/6344908f2d946c00d329b541.css]
[cdn.getshogun.com/css-4/634490bba97a8e00ce8f73af.css]
[cdn.getshogun.com/css-4/6344911a2d946c00fa292715.css]
[cdn.getshogun.com/5fa076b7d8954500912c1a33.css]
[cdn.getshogun.com/css-4/632a0b49a33999011b4fe34f.css]
[store.dandelionchocolate.com/pages/private-events-off-site/POST.html]
[cdn.getshogun.com/60f85dea6e4f8f00ec03aef7.css]
[store.dandelionchocolate.com/pages/corporate-events-inquiry-form.html]
[cdn.getshogun.com/css-4/61b7baebe41dda0004a5a24b.css]
[cdn.getshogun.com/css-4/61b7bb3de41dda0004a5ba71.css]
[cdn.getshogun.com/css-4/61b7baece41dda0004a5a30b.css]
[cdn.getshogun.com/css-4/61b7bb35f3085f0004baae7d.css]
[cdn.getshogun.com/css-4/61b7bb31f3085f0004baaa24.css]
[cdn.getshogun.com/css-4/6309143b923a21000408981c.css]
[cdn.getshogun.com/css-4/61b7bb2cf3085f0004baaa0d.css]
[cdn.getshogun.com/css-4/61b7bb42e41dda0004a5c18f.css]
[cdn.getshogun.com/css-4/61b7bb22e41dda0004a5b026.css]
[cdn.getshogun.com/css-4/6238d81123b58d0004714184.css]
[cdn.getshogun.com/css-4/61b7baece41dda0004a5a309.css]
[cdn.getshogun.com/css-4/61b7bb40e41dda0004a5bd34.css]
[cdn.getshogun.com/css-4/61b7bb21e41dda0004a5b024.css]
[cdn.getshogun.com/css-4/630914491f896c0004a40238.css]
[cdn.getshogun.com/60f85dea6e4f8f00ec03aef7.js]
[store.dandelionchocolate.com/pages/private-events-off-site/POST.html]
[cdn.getshogun.com/60f85dea6e4f8f00ec03aef7.css]
[store.dandelionchocolate.com/pages/private-events-off-site/post-2.html]
[store.dandelionchocolate.com/pages/private-events-off-site/post-2.html]
